--------------------------------------------------------------------------------
Release 9.2.04i Trace 
Copyright (c) 1995-2007 Xilinx, Inc.  All rights reserved.

C:\Xilinx92i\bin\nt\trce.exe -ise D:/SOC/as4/as4.ise -intstyle ise -e 3 -s 4
-xml as4 as4.ncd -o as4.twr as4.pcf

Design file:              as4.ncd
Physical constraint file: as4.pcf
Device,package,speed:     xc3s400,ft256,-4 (PRODUCTION 1.39 2007-10-19)
Report level:             error report

Environment Variable      Effect 
--------------------      ------ 
NONE                      No environment variables were set
--------------------------------------------------------------------------------

INFO:Timing:2698 - No timing constraints found, doing default enumeration.
INFO:Timing:2752 - To get complete path coverage, use the unconstrained paths 
   option. All paths that are not constrained will be reported in the 
   unconstrained paths section(s) of the report.
INFO:Timing:3339 - The clock-to-out numbers in this timing report are based on 
   a 50 Ohm transmission line loading model.  For the details of this model, 
   and for more information on accounting for different loading conditions, 
   please see the device datasheet.



Data Sheet report:
-----------------
All values displayed in nanoseconds (ns)

Pad to Pad
---------------+---------------+---------+
Source Pad     |Destination Pad|  Delay  |
---------------+---------------+---------+
A<0>           |Co             |   17.674|
A<0>           |R<0>           |    7.578|
A<0>           |R<1>           |   13.509|
A<0>           |R<2>           |   14.802|
A<0>           |R<3>           |   15.657|
A<1>           |Co             |   15.079|
A<1>           |R<1>           |   10.914|
A<1>           |R<2>           |   12.207|
A<1>           |R<3>           |   13.062|
A<2>           |Co             |   12.033|
A<2>           |R<2>           |    9.161|
A<2>           |R<3>           |   10.016|
A<3>           |Co             |   11.029|
A<3>           |R<3>           |    8.845|
B<0>           |Co             |   17.463|
B<0>           |R<0>           |    7.799|
B<0>           |R<1>           |   13.298|
B<0>           |R<2>           |   14.591|
B<0>           |R<3>           |   15.446|
B<1>           |Co             |   15.351|
B<1>           |R<1>           |   11.186|
B<1>           |R<2>           |   12.479|
B<1>           |R<3>           |   13.334|
B<2>           |Co             |   12.267|
B<2>           |R<2>           |    9.395|
B<2>           |R<3>           |   10.250|
B<3>           |Co             |   10.915|
B<3>           |R<3>           |   11.591|
S1A0           |Co             |   16.692|
S1A0           |R<1>           |   12.527|
S1A0           |R<2>           |   13.820|
S1A0           |R<3>           |   14.675|
---------------+---------------+---------+


Analysis completed Mon Mar 06 23:06:58 2023 
--------------------------------------------------------------------------------

Trace Settings:
-------------------------
Trace Settings 

Peak Memory Usage: 129 MB



