--------------------------------------------------------------------------------
Release 9.2.04i Trace 
Copyright (c) 1995-2007 Xilinx, Inc.  All rights reserved.

C:\Xilinx92i\bin\nt\trce.exe -ise D:/SOC/as4/as4.ise -intstyle ise -e 3 -s 4
-xml sum4 sum4.ncd -o sum4.twr sum4.pcf

Design file:              sum4.ncd
Physical constraint file: sum4.pcf
Device,package,speed:     xc3s400,ft256,-4 (PRODUCTION 1.39 2007-10-19)
Report level:             error report

Environment Variable      Effect 
--------------------      ------ 
NONE                      No environment variables were set
--------------------------------------------------------------------------------

INFO:Timing:2698 - No timing constraints found, doing default enumeration.
INFO:Timing:2752 - To get complete path coverage, use the unconstrained paths 
   option. All paths that are not constrained will be reported in the 
   unconstrained paths section(s) of the report.
INFO:Timing:3339 - The clock-to-out numbers in this timing report are based on 
   a 50 Ohm transmission line loading model.  For the details of this model, 
   and for more information on accounting for different loading conditions, 
   please see the device datasheet.



Data Sheet report:
-----------------
All values displayed in nanoseconds (ns)

Pad to Pad
---------------+---------------+---------+
Source Pad     |Destination Pad|  Delay  |
---------------+---------------+---------+
a<0>           |Co             |   14.044|
a<0>           |r<0>           |    9.027|
a<0>           |r<1>           |    8.974|
a<0>           |r<2>           |   10.056|
a<0>           |r<3>           |   14.737|
a<1>           |Co             |   14.240|
a<1>           |r<1>           |    8.870|
a<1>           |r<2>           |   10.252|
a<1>           |r<3>           |   14.933|
a<2>           |Co             |    8.837|
a<2>           |r<2>           |   12.339|
a<2>           |r<3>           |    9.530|
a<3>           |Co             |    8.934|
a<3>           |r<3>           |    9.712|
b<0>           |Co             |   13.877|
b<0>           |r<0>           |    9.344|
b<0>           |r<1>           |    9.490|
b<0>           |r<2>           |    9.889|
b<0>           |r<3>           |   14.570|
b<1>           |Co             |   13.601|
b<1>           |r<1>           |    9.460|
b<1>           |r<2>           |    9.613|
b<1>           |r<3>           |   14.294|
b<2>           |Co             |    8.656|
b<2>           |r<2>           |   11.921|
b<2>           |r<3>           |    9.349|
b<3>           |Co             |    7.973|
b<3>           |r<3>           |    8.736|
---------------+---------------+---------+


Analysis completed Mon Mar 06 21:43:06 2023 
--------------------------------------------------------------------------------

Trace Settings:
-------------------------
Trace Settings 

Peak Memory Usage: 130 MB



