--------------------------------------------------------------------------------
Release 9.2.04i Trace 
Copyright (c) 1995-2007 Xilinx, Inc.  All rights reserved.

C:\Xilinx92i\bin\nt\trce.exe -ise D:/SOC/addsub4v/addsub4v.ise -intstyle ise -e
3 -s 4 -xml top top.ncd -o top.twr top.pcf

Design file:              top.ncd
Physical constraint file: top.pcf
Device,package,speed:     xc3s400,ft256,-4 (PRODUCTION 1.39 2007-10-19)
Report level:             error report

Environment Variable      Effect 
--------------------      ------ 
NONE                      No environment variables were set
--------------------------------------------------------------------------------

INFO:Timing:2698 - No timing constraints found, doing default enumeration.
INFO:Timing:2752 - To get complete path coverage, use the unconstrained paths 
   option. All paths that are not constrained will be reported in the 
   unconstrained paths section(s) of the report.
INFO:Timing:3339 - The clock-to-out numbers in this timing report are based on 
   a 50 Ohm transmission line loading model.  For the details of this model, 
   and for more information on accounting for different loading conditions, 
   please see the device datasheet.



Data Sheet report:
-----------------
All values displayed in nanoseconds (ns)

Pad to Pad
---------------+---------------+---------+
Source Pad     |Destination Pad|  Delay  |
---------------+---------------+---------+
A<0>           |R<0>           |    9.218|
A<0>           |R<1>           |   10.225|
A<0>           |R<2>           |   10.178|
A<0>           |R<3>           |    9.537|
A<1>           |R<1>           |    9.888|
A<1>           |R<2>           |   10.285|
A<1>           |R<3>           |    9.644|
A<2>           |R<2>           |    8.871|
A<2>           |R<3>           |    8.850|
A<3>           |R<3>           |    8.850|
B<0>           |R<0>           |    9.083|
B<0>           |R<1>           |   10.090|
B<0>           |R<2>           |   10.043|
B<0>           |R<3>           |    9.402|
B<1>           |R<1>           |    9.827|
B<1>           |R<2>           |   10.224|
B<1>           |R<3>           |    9.583|
B<2>           |R<2>           |    9.042|
B<2>           |R<3>           |    9.021|
B<3>           |R<3>           |    8.254|
S1A0           |R<0>           |    9.368|
S1A0           |R<1>           |    9.987|
S1A0           |R<2>           |    9.967|
S1A0           |R<3>           |    9.326|
---------------+---------------+---------+


Analysis completed Thu Mar 16 23:05:10 2023 
--------------------------------------------------------------------------------

Trace Settings:
-------------------------
Trace Settings 

Peak Memory Usage: 129 MB



